{"G1K":42876,"O1arIyp":["34DzJJv"],"XM ExS":["Dy0ngjSJ"],"b2Z7mGQ3LA":{"D":"OTuN","5BqW64hmd":"3vR1","s7b3":64153,"lLHXV":""},"":["6yaFzgp0Ya",{},"qeH0iARm"],"XpIx9XiSP":[81172,"T",["6Hd"],"s"],"sbj":[94973,[27607]],"7RHNW":[{"tg":""},[[]],"0lSWpDYXeu","FWlrp"],"0e3":[[98377]],"D5":["wp",23348]," AlaqCaGmD":{"SOGDTHlC":[19190],"aKf":["U4l1e8UJE"]},"Q":["Ta0h"],"ODQsKKp":{"6GJv2x":"9ED9HbiL","eHksIcMC":"KK"},"c":[[]]}
