{"cQKtrQ":44848,"Y3NmyCvmUf":51829,"B11":"trPizxyp","opjxZFm":"mWL","pjFS":{},"xgq":[],"IRf7wb":341,"1Wd":["xniW"],"ApLDQaUfYC":31858,"HTxuP6a":"Ax","IHXi6R":20217,"lx35ZI":73148,"BiGUi5x  E":13895,"Zfl3":69483,"ZZDWIo1M":11722,"UoaTOiawc":"4","3l1":[],"yI":83785,"Jnrn":41240,"kSaUgn":{"1fv1C":["m"]}," VeG":99445,"WlpYc6LL":"jO6ojOSqJW","TkiC5AaTwD":"9Og9BQ9A","NAC":"dP2Gl0UP","tb6W rcKL":"lHe","FfcssmL0":[8987],"POn0j":3821,"n8KB":69311,"wpTU":87465,"6C8VCy":[{}],"2Qp3KpqU":"HJDv","b":36137,"":["hGMx"],"5C0cK9x17":{},"xuKYkrS":25574}
