[{"tUbQQfo":30091,"gG":[83586]},{"":{" XQFEtWVy ":56502}},[[["V"]],{"i3V1D6hHi":""}],[{"":99759},[32476]],{"":[87973]},[["9"],{},2673],[76099,[]],{"X k2sNPwfz":62341,"d7yQl2TwEA":["hLKL"]},{"vvH5":[[47878]],"":["v","k3lrg5HL0J"]},{"WM0t4N3ze":["HpGVQnY9wZ",19553,"RR4XsdW2sa",65626,38663]},{"LpnEp ztQ ":[[65541]]},{"L":[5617]},{"":[["GVROWa9"]]},{"7":["FGF9dJ"],"Uu S":[[]]},{"YHhaQUPa4L":{"4Jl9lyaVp2":[83925]}},[39510],[40280,"BmykMo7j C","iIwLpxQV ",14516,[[]],"lq9XsOjM"]]
